{
  "_beagleComponent_" : "beagle:switch",
  "enabled" : true,
  "isOn" : false,
  "onToggle" : [

  ],
  "tintColor" : "#1192CC"
}